_|_ // can't load from external module: invalid function signature: expected ':', found newline (and 2 more errors)