_|_ // can't load from external module: load "foo.wasm": file not found (and 1 more errors)